# generated on Fri Oct 16 20:08:55 2020
# Top Cell: chip_top

------------------------------------------------------------
          timeDesign Summary                             
------------------------------------------------------------

+--------------------+---------+---------+---------+---------+---------+---------+
|     Setup mode     |   all   | reg2reg | in2reg  | reg2out | in2out  | clkgate |
+--------------------+---------+---------+---------+---------+---------+---------+
|           WNS (ns):|  0.022  |  0.022  |  7.251  |  0.407  |   N/A   |   N/A   |
|           TNS (ns):|  0.000  |  0.000  |  0.000  |  0.000  |   N/A   |   N/A   |
|    Violating Paths:|    0    |    0    |    0    |    0    |   N/A   |   N/A   |
|          All Paths:|  2968   |  2939   |   29    |   24    |   N/A   |   N/A   |
+--------------------+---------+---------+---------+---------+---------+---------+

+----------------+-------------------------------+------------------+
|                |              Real             |       Total      |
|    DRVs        +------------------+------------+------------------|
|                |  Nr nets(terms)  | Worst Vio  |  Nr nets(terms)  |
+----------------+------------------+------------+------------------+
|   max_cap      |      0 (0)       |   0.000    |      0 (0)       |
|   max_tran     |      0 (0)       |   0.000    |      0 (0)       |
|   max_fanout   |      0 (0)       |     0      |      0 (0)       |
+----------------+------------------+------------+------------------+

Density: 100.000%
Routing Overflow: 0.01% H and 0.09% V
------------------------------------------------------------
