# generated on Fri Oct 16 16:30:12 2020
# Top Cell: chip_top

------------------------------------------------------------
     optDesign Final Summary                             
------------------------------------------------------------

+--------------------+---------+---------+---------+---------+---------+---------+
|     Setup mode     |   all   | reg2reg | in2reg  | reg2out | in2out  | clkgate |
+--------------------+---------+---------+---------+---------+---------+---------+
|           WNS (ns):|  0.039  |  0.039  |  7.259  |  0.368  |  8.272  |   N/A   |
|           TNS (ns):|  0.000  |  0.000  |  0.000  |  0.000  |  0.000  |   N/A   |
|    Violating Paths:|    0    |    0    |    0    |    0    |    0    |   N/A   |
|          All Paths:|  2971   |  2939   |   31    |   24    |    1    |   N/A   |
+--------------------+---------+---------+---------+---------+---------+---------+

+----------------+-------------------------------+------------------+
|                |              Real             |       Total      |
|    DRVs        +------------------+------------+------------------|
|                |  Nr nets(terms)  | Worst Vio  |  Nr nets(terms)  |
+----------------+------------------+------------+------------------+
|   max_cap      |      0 (0)       |   0.000    |      0 (0)       |
|   max_tran     |      0 (0)       |   0.000    |      0 (0)       |
|   max_fanout   |      0 (0)       |     0      |      0 (0)       |
+----------------+------------------+------------+------------------+

Density: 31.361%
Routing Overflow: 0.00% H and 0.01% V
------------------------------------------------------------
